+----------------------------------------+----------------------+
| Metric                                 | Value                |
+========================================+======================+
| Top Level Entity                       | adder_32bit          |
+----------------------------------------+----------------------+
| Total logic elements                   | 67 / 22320 (0.00300) |
+----------------------------------------+----------------------+
| Total registers*                       | 33 / 23018 (0.00143) |
+----------------------------------------+----------------------+
| Dedicated logic registers              | 32 / 22320 (0.00143) |
+----------------------------------------+----------------------+
| I/O registers                          | 1 / 698 (0.00143)    |
+----------------------------------------+----------------------+
| I/O pins                               | 98 / 154 (0.63636)   |
+----------------------------------------+----------------------+
| M9Ks                                   | 0 / 66 (0.00000)     |
+----------------------------------------+----------------------+
| Total block memory bits                | 0 / 608256 (0.00000) |
+----------------------------------------+----------------------+
| Total block memory implementation bits | 0 / 608256 (0.00000) |
+----------------------------------------+----------------------+
| Embedded Multiplier 9-bit elements     | 0 / 132 (0.00000)    |
+----------------------------------------+----------------------+
| JTAGs                                  | 0 / 1 (0.00000)      |
+----------------------------------------+----------------------+
| ASMI blocks                            | 0 / 1 (0.00000)      |
+----------------------------------------+----------------------+
| Slow 1200mV 85C - Fmax                 | 130.7 MHz            |
+----------------------------------------+----------------------+
| Slow 1200mV 85C - Restricted Fmax      | 130.7 MHz            |
+----------------------------------------+----------------------+
| Slow 1200mV 0C - Fmax                  | 143.45 MHz           |
+----------------------------------------+----------------------+
| Slow 1200mV 0C - Restricted Fmax       | 143.45 MHz           |
+----------------------------------------+----------------------+