+----------------------------------------+------------------------+
| Metric                                 | Value                  |
+========================================+========================+
| Top Level Entity                       | array_mul_8x8_pl       |
+----------------------------------------+------------------------+
| Total logic elements                   | 1591 / 22320 (0.07128) |
+----------------------------------------+------------------------+
| Total registers*                       | 1591 / 23018 (0.06912) |
+----------------------------------------+------------------------+
| Dedicated logic registers              | 1591 / 22320 (0.07128) |
+----------------------------------------+------------------------+
| I/O registers                          | 0 / 698 (0.00000)      |
+----------------------------------------+------------------------+
| I/O pins                               | 1 / 154 (0.00649)      |
+----------------------------------------+------------------------+
| M9Ks                                   | 0 / 66 (0.00000)       |
+----------------------------------------+------------------------+
| Total block memory bits                | 0 / 608256 (0.00000)   |
+----------------------------------------+------------------------+
| Total block memory implementation bits | 0 / 608256 (0.00000)   |
+----------------------------------------+------------------------+
| Embedded Multiplier 9-bit elements     | 0 / 132 (0.00000)      |
+----------------------------------------+------------------------+
| Global clocks                          | 1 / 20 (0.05000)       |
+----------------------------------------+------------------------+
| Slow 1200mV 85C - Fmax                 | 347.95 MHz             |
+----------------------------------------+------------------------+
| Slow 1200mV 85C - Restricted Fmax      | 250.0 MHz              |
+----------------------------------------+------------------------+
| Slow 1200mV 0C - Fmax                  | 385.95 MHz             |
+----------------------------------------+------------------------+
| Slow 1200mV 0C - Restricted Fmax       | 250.0 MHz              |
+----------------------------------------+------------------------+