+----------------------------------------+----------------------+
| Metric                                 | Value                |
+========================================+======================+
| Top Level Entity                       | full_adder           |
+----------------------------------------+----------------------+
| Total logic elements                   | 2 / 22320 (0.00009)  |
+----------------------------------------+----------------------+
| Total registers*                       | 2 / 23018 (0.00009)  |
+----------------------------------------+----------------------+
| Dedicated logic registers              | 0 / 22320 (0.00000)  |
+----------------------------------------+----------------------+
| I/O registers                          | 2 / 698 (0.00287)    |
+----------------------------------------+----------------------+
| I/O pins                               | 6 / 154 (0.03896)    |
+----------------------------------------+----------------------+
| M9Ks                                   | 0 / 66 (0.00000)     |
+----------------------------------------+----------------------+
| Total block memory bits                | 0 / 608256 (0.00000) |
+----------------------------------------+----------------------+
| Total block memory implementation bits | 0 / 608256 (0.00000) |
+----------------------------------------+----------------------+
| Embedded Multiplier 9-bit elements     | 0 / 132 (0.00000)    |
+----------------------------------------+----------------------+
| JTAGs                                  | 0 / 1 (0.00000)      |
+----------------------------------------+----------------------+
| ASMI blocks                            | 0 / 1 (0.00000)      |
+----------------------------------------+----------------------+
| Slow 1200mV 85C - Fmax                 | 173.7 MHz            |
+----------------------------------------+----------------------+
| Slow 1200mV 85C - Restricted Fmax      | 173.7 MHz            |
+----------------------------------------+----------------------+
| Slow 1200mV 0C - Fmax                  | 196.54 MHz           |
+----------------------------------------+----------------------+
| Slow 1200mV 0C - Restricted Fmax       | 196.54 MHz           |
+----------------------------------------+----------------------+