+------------------------------------+-----------------+
| Metric                             | Value           |
+====================================+=================+
| Top Level Entity                   | half_adder      |
+------------------------------------+-----------------+
| Boot from FPGA                     | 0 / 1 (0.00000) |
+------------------------------------+-----------------+
| Clock resets                       | 0 / 1 (0.00000) |
+------------------------------------+-----------------+
| Cross trigger                      | 0 / 1 (0.00000) |
+------------------------------------+-----------------+
| S2F AXI                            | 0 / 1 (0.00000) |
+------------------------------------+-----------------+
| F2S AXI                            | 0 / 1 (0.00000) |
+------------------------------------+-----------------+
| AXI Lightweight                    | 0 / 1 (0.00000) |
+------------------------------------+-----------------+
| SDRAM                              | 0 / 1 (0.00000) |
+------------------------------------+-----------------+
| Interrupts                         | 0 / 1 (0.00000) |
+------------------------------------+-----------------+
| JTAG                               | 0 / 1 (0.00000) |
+------------------------------------+-----------------+
| Loan I/O                           | 0 / 1 (0.00000) |
+------------------------------------+-----------------+
| MPU event standby                  | 0 / 1 (0.00000) |
+------------------------------------+-----------------+
| MPU general purpose                | 0 / 1 (0.00000) |
+------------------------------------+-----------------+
| STM event                          | 0 / 1 (0.00000) |
+------------------------------------+-----------------+
| TPIU trace                         | 0 / 1 (0.00000) |
+------------------------------------+-----------------+
| DMA                                | 0 / 1 (0.00000) |
+------------------------------------+-----------------+
| CAN                                | 0 / 2 (0.00000) |
+------------------------------------+-----------------+
| EMAC                               | 0 / 2 (0.00000) |
+------------------------------------+-----------------+
| I2C                                | 0 / 4 (0.00000) |
+------------------------------------+-----------------+
| NAND Flash                         | 0 / 1 (0.00000) |
+------------------------------------+-----------------+
| QSPI                               | 0 / 1 (0.00000) |
+------------------------------------+-----------------+
| SDMMC                              | 0 / 1 (0.00000) |
+------------------------------------+-----------------+
| SPI Master                         | 0 / 2 (0.00000) |
+------------------------------------+-----------------+
| SPI Slave                          | 0 / 2 (0.00000) |
+------------------------------------+-----------------+
| UART                               | 0 / 2 (0.00000) |
+------------------------------------+-----------------+
| USB                                | 0 / 2 (0.00000) |
+------------------------------------+-----------------+
| Slow 1100mV 100C - Fmax            | 184.09 MHz      |
+------------------------------------+-----------------+
| Slow 1100mV 100C - Restricted Fmax | 184.09 MHz      |
+------------------------------------+-----------------+
| Slow 1100mV -40C - Fmax            | 179.86 MHz      |
+------------------------------------+-----------------+
| Slow 1100mV -40C - Restricted Fmax | 179.86 MHz      |
+------------------------------------+-----------------+