+----------------------------------------+----------------------+
| Metric                                 | Value                |
+========================================+======================+
| Top Level Entity                       | top                  |
+----------------------------------------+----------------------+
| Total logic elements                   | 4 / 22320 (0.00018)  |
+----------------------------------------+----------------------+
| Total registers*                       | 4 / 23018 (0.00017)  |
+----------------------------------------+----------------------+
| Dedicated logic registers              | 4 / 22320 (0.00018)  |
+----------------------------------------+----------------------+
| I/O registers                          | 0 / 698 (0.00000)    |
+----------------------------------------+----------------------+
| I/O pins                               | 1 / 154 (0.00649)    |
+----------------------------------------+----------------------+
| M9Ks                                   | 0 / 66 (0.00000)     |
+----------------------------------------+----------------------+
| Total block memory bits                | 0 / 608256 (0.00000) |
+----------------------------------------+----------------------+
| Total block memory implementation bits | 0 / 608256 (0.00000) |
+----------------------------------------+----------------------+
| Embedded Multiplier 9-bit elements     | 0 / 132 (0.00000)    |
+----------------------------------------+----------------------+
| Slow 1200mV 85C - Fmax                 | 346.86 MHz           |
+----------------------------------------+----------------------+
| Slow 1200mV 85C - Restricted Fmax      | 250.0 MHz            |
+----------------------------------------+----------------------+
| Slow 1200mV 0C - Fmax                  | 384.76 MHz           |
+----------------------------------------+----------------------+
| Slow 1200mV 0C - Restricted Fmax       | 250.0 MHz            |
+----------------------------------------+----------------------+